datapath__20: top__GB1, 
case__13: top__GB1, 
logic__93: top__GB1, 
case__9: top__GB1, 
reg__17: top__GB1, 
logic__64: top__GB1, 
ascii_rom: top__GB1, 
uart_rx: top__GB1, 
case__1: top__GB0, 
reg__15: top__GB1, 
logic__47: top__GB1, 
datapath__15: top__GB1, 
datapath__6: top__GB0, 
logic__1: top__GB0, 
reg__3: top__GB1, 
logic__4: top__GB0, 
extrom: top__GB1, 
reg: top__GB0, 
hexTo7Segment: top__GB1, 
uart_tx: top__GB1, 
reg__8: top__GB1, 
logic__38: top__GB1, 
logic__21: top__GB0, 
reg__21: top__GB1, 
reg__16: top__GB1, 
datapath__8: top__GB0, 
muxpart__2: top__GB0, 
reg__19: top__GB1, 
dsp48e1: top__GB0, 
reg__23: top__GB1, 
datapath__3: top__GB0, 
case__12: top__GB1, 
datapath__5: top__GB0, 
datapath__21: top__GB1, 
dsp48e1__4: top__GB1, 
logic__76: top__GB1, 
counter__2: top__GB1, 
datapath__14: top__GB1, 
logic__81: top__GB1, 
dsp48e1__2: top__GB0, 
reg__18: top__GB1, 
datapath__9: top__GB0, 
muxpart__8: top__GB1, 
reg__27: top__GB1, 
reg__28: top__GB0, 
muxpart__7: top__GB1, 
case__10: top__GB1, 
muxpart__3: top__GB1, 
counter__1: top__GB1, 
reg__9: top__GB1, 
muxpart__13: top__GB1, 
logic__41: top__GB1, 
datapath__11: top__GB1, 
case__7: top__GB1, 
clockDiv: top__GB1, 
datapath__1: top__GB0, 
case: top__GB0, 
muxpart__6: top__GB1, 
muxpart__4: top__GB1, 
logic__7: top__GB0, 
case__2: top__GB0, 
datapath__12: top__GB1, 
reg__5: top__GB1, 
reg__4: top__GB1, 
datapath__7: top__GB0, 
datapath__10: top__GB0, 
reg__1: top__GB0, 
case__5: top__GB1, 
ascii_grid: top__GB0, 
top__GB1: top__GB1, 
datapath__2: top__GB0, 
case__4: top__GB1, 
reg__11: top__GB1, 
muxpart__14: top__GB1, 
case__19: top__GB1, 
datapath__19: top__GB1, 
reg__6: top__GB1, 
datapath__22: top__GB1, 
datapath__16: top__GB1, 
case__18: top__GB1, 
dsp48e1__1: top__GB0, 
counter: top__GB1, 
hexDisplay: top__GB1, 
reg__2: top__GB0, 
reg__10: top__GB1, 
logic__87: top__GB1, 
reg__13: top__GB1, 
baud_gen: top__GB1, 
reg__14: top__GB1, 
case__16: top__GB1, 
reg__24: top__GB1, 
reg__22: top__GB1, 
datapath__13: top__GB1, 
logic__91: top__GB1, 
logic__80: top__GB1, 
case__11: top__GB1, 
reg__25: top__GB1, 
case__14: top__GB1, 
case__6: top__GB1, 
dsp48e1__3: top__GB1, 
datapath__4: top__GB0, 
reg__26: top__GB1, 
quadSevenSeg: top__GB1, 
reg__7: top__GB1, 
logic__68: top__GB1, 
logic__72: top__GB1, 
datapath__17: top__GB1, 
ascii_test: top__GB1, 
datapath: top__GB0, 
muxpart__15: top__GB1, 
logic__94: top__GB1, 
muxpart__1: top__GB0, 
uart_system: top__GB1, 
muxpart__12: top__GB1, 
case__17: top__GB1, 
muxpart: top__GB0, 
case__8: top__GB1, 
top__GB0: top__GB0, 
logic__63: top__GB1, 
vga_controller: top__GB1, 
logic__59: top__GB1, 
reg__12: top__GB1, 
logic__50: top__GB1, 
datapath__18: top__GB1, 
logic: top__GB1, 
logic__17: top__GB0, 
case__15: top__GB1, 
reg__20: top__GB1, 
muxpart__11: top__GB1, 
logic__5: top__GB0, 
muxpart__9: top__GB1, 
